"""Test the function text_indentation"""

"""import function"""
>>> text_indentation = __import__('5-text_indentation').text_indentation

>>> text_indentation()
Traceback (most recent call last):
...
TypeError: text_indentation() missing 1 required positional argument: 'text'

>>> text_indentation(1)
Traceback (most recent call last):
...
TypeError: text must be a string

>>> text_indentation("Miguel.Marquez")
Miguel.
<BLANKLINE>
Marquez

>>> text_indentation("Miguel Marquez")
Miguel Marquez

>>> text_indentation("Miguel.?:Marquez")
Miguel.
<BLANKLINE>
?
<BLANKLINE>
:
<BLANKLINE>
Marquez